2025-05-11 10:29:37 - Successfully connected to database!
2025-05-11 10:29:57 - Successfully connected to database!
2025-05-11 10:29:57 - Successfully connected to database!
2025-05-11 10:29:58 - Information of user : {"id":1,"prenom":"Kaloun","nom":"Soulaimane","genre":"male","dateNaissance":"1990-09-01","email":"so.kaloun@uca.ma","password":"$2y$10$euawtk.BqadFyqrldmYkXef1mkfLljcF5fMeRRPUuY.if2xNKvPhy","CNE":null,"CIN":"X12345","phone":"+212 622 222 222","created_at":"2025-04-29 15:04:10","id_role":1,"id_dep":1,"id_filiere":null}
2025-05-11 10:29:58 - Successfully connected to database!
2025-05-11 10:29:58 - Successfully connected to database!
2025-05-11 10:30:05 - Successfully connected to database!
2025-05-11 10:30:05 - Successfully connected to database!
2025-05-11 10:30:05 - List of teachers : [{"id":2,"prenom":"Sara","nom":"QASSIMI","genre":"female","dateNaissance":"1990-09-01","email":"sara.qassimi@uca.ac.ma","password":"$2y$10$euawtk.BqadFyqrldmYkXef1mkfLljcF5fMeRRPUuY.if2xNKvPhy","CNE":null,"CIN":"X12346","phone":"+212 622 222 222","created_at":"2025-04-29 15:04:10","id_role":2,"id_dep":1,"id_filiere":null,"nom_departement":"Informatique"},{"id":3,"prenom":"Yassine","nom":"SADQI","genre":"male","dateNaissance":"1990-09-01","email":"y.sadqi@uca.ac.ma","password":"$2y$10$euawtk.BqadFyqrldmYkXef1mkfLljcF5fMeRRPUuY.if2xNKvPhy","CNE":null,"CIN":"X12347","phone":"+212 622 222 222","created_at":"2025-04-29 15:04:10","id_role":2,"id_dep":1,"id_filiere":null,"nom_departement":"Informatique"},{"id":4,"prenom":"Aziz","nom":"DAROUICHI","genre":"male","dateNaissance":"1990-09-01","email":"az.darouichi@uca.ma","password":"$2y$10$euawtk.BqadFyqrldmYkXef1mkfLljcF5fMeRRPUuY.if2xNKvPhy","CNE":null,"CIN":"X12348","phone":"+212 622 222 222","created_at":"2025-04-29 15:04:10","id_role":3,"id_dep":1,"id_filiere":null,"nom_departement":"Informatique"},{"id":5,"prenom":"Mohammed","nom":"AIT HEMAD","genre":"male","dateNaissance":"1990-09-01","email":"ait.hemad.m@hotmail.com","password":"$2y$10$euawtk.BqadFyqrldmYkXef1mkfLljcF5fMeRRPUuY.if2xNKvPhy","CNE":null,"CIN":"X12349","phone":"+212 622 222 222","created_at":"2025-04-29 15:04:10","id_role":3,"id_dep":1,"id_filiere":null,"nom_departement":"Informatique"}]
2025-05-11 10:30:05 - Successfully connected to database!
2025-05-11 10:30:19 - Successfully connected to database!
2025-05-11 10:30:19 - Successfully connected to database!
2025-05-11 10:30:19 - List of teachers : [{"id":2,"prenom":"Sara","nom":"QASSIMI","genre":"female","dateNaissance":"1990-09-01","email":"sara.qassimi@uca.ac.ma","password":"$2y$10$euawtk.BqadFyqrldmYkXef1mkfLljcF5fMeRRPUuY.if2xNKvPhy","CNE":null,"CIN":"X12346","phone":"+212 622 222 222","created_at":"2025-04-29 15:04:10","id_role":2,"id_dep":1,"id_filiere":null,"nom_departement":"Informatique"},{"id":3,"prenom":"Yassine","nom":"SADQI","genre":"male","dateNaissance":"1990-09-01","email":"y.sadqi@uca.ac.ma","password":"$2y$10$euawtk.BqadFyqrldmYkXef1mkfLljcF5fMeRRPUuY.if2xNKvPhy","CNE":null,"CIN":"X12347","phone":"+212 622 222 222","created_at":"2025-04-29 15:04:10","id_role":2,"id_dep":1,"id_filiere":null,"nom_departement":"Informatique"},{"id":4,"prenom":"Aziz","nom":"DAROUICHI","genre":"male","dateNaissance":"1990-09-01","email":"az.darouichi@uca.ma","password":"$2y$10$euawtk.BqadFyqrldmYkXef1mkfLljcF5fMeRRPUuY.if2xNKvPhy","CNE":null,"CIN":"X12348","phone":"+212 622 222 222","created_at":"2025-04-29 15:04:10","id_role":3,"id_dep":1,"id_filiere":null,"nom_departement":"Informatique"},{"id":5,"prenom":"Mohammed","nom":"AIT HEMAD","genre":"male","dateNaissance":"1990-09-01","email":"ait.hemad.m@hotmail.com","password":"$2y$10$euawtk.BqadFyqrldmYkXef1mkfLljcF5fMeRRPUuY.if2xNKvPhy","CNE":null,"CIN":"X12349","phone":"+212 622 222 222","created_at":"2025-04-29 15:04:10","id_role":3,"id_dep":1,"id_filiere":null,"nom_departement":"Informatique"}]
2025-05-11 10:30:19 - Successfully connected to database!
2025-05-11 10:30:19 - Successfully connected to database!
2025-05-11 10:30:19 - Successfully connected to database!
2025-05-11 10:30:20 - List of modules : [{"id":2,"nom_module":"D\u00e9veloppement Web Back End","nom_filiere":"SIT2","niveau_filiere":2,"semestre_module":"2","nom_departement":"Informatique"},{"id":6,"nom_module":"Fondamentaux de la s\u00e9curit\u00e9 informatique et cyberdroit","nom_filiere":"SIT1","niveau_filiere":1,"semestre_module":"2","nom_departement":"Informatique"},{"id":7,"nom_module":"Cryptographie 1","nom_filiere":"IRISI1","niveau_filiere":1,"semestre_module":"1","nom_departement":"Informatique"},{"id":10,"nom_module":"Test 2","nom_filiere":"IRISI3","niveau_filiere":3,"semestre_module":"1","nom_departement":"Informatique"},{"id":11,"nom_module":"fdsf","nom_filiere":"IRISI2","niveau_filiere":2,"semestre_module":"2","nom_departement":"Informatique"}]
2025-05-11 10:30:20 - Successfully connected to database!
2025-05-11 10:30:22 - Successfully connected to database!
2025-05-11 10:30:22 - Successfully connected to database!
2025-05-11 10:30:22 - List of teachers : [{"id":2,"prenom":"Sara","nom":"QASSIMI","genre":"female","dateNaissance":"1990-09-01","email":"sara.qassimi@uca.ac.ma","password":"$2y$10$euawtk.BqadFyqrldmYkXef1mkfLljcF5fMeRRPUuY.if2xNKvPhy","CNE":null,"CIN":"X12346","phone":"+212 622 222 222","created_at":"2025-04-29 15:04:10","id_role":2,"id_dep":1,"id_filiere":null,"nom_departement":"Informatique"},{"id":3,"prenom":"Yassine","nom":"SADQI","genre":"male","dateNaissance":"1990-09-01","email":"y.sadqi@uca.ac.ma","password":"$2y$10$euawtk.BqadFyqrldmYkXef1mkfLljcF5fMeRRPUuY.if2xNKvPhy","CNE":null,"CIN":"X12347","phone":"+212 622 222 222","created_at":"2025-04-29 15:04:10","id_role":2,"id_dep":1,"id_filiere":null,"nom_departement":"Informatique"},{"id":4,"prenom":"Aziz","nom":"DAROUICHI","genre":"male","dateNaissance":"1990-09-01","email":"az.darouichi@uca.ma","password":"$2y$10$euawtk.BqadFyqrldmYkXef1mkfLljcF5fMeRRPUuY.if2xNKvPhy","CNE":null,"CIN":"X12348","phone":"+212 622 222 222","created_at":"2025-04-29 15:04:10","id_role":3,"id_dep":1,"id_filiere":null,"nom_departement":"Informatique"},{"id":5,"prenom":"Mohammed","nom":"AIT HEMAD","genre":"male","dateNaissance":"1990-09-01","email":"ait.hemad.m@hotmail.com","password":"$2y$10$euawtk.BqadFyqrldmYkXef1mkfLljcF5fMeRRPUuY.if2xNKvPhy","CNE":null,"CIN":"X12349","phone":"+212 622 222 222","created_at":"2025-04-29 15:04:10","id_role":3,"id_dep":1,"id_filiere":null,"nom_departement":"Informatique"}]
2025-05-11 10:30:22 - Successfully connected to database!
2025-05-11 10:30:25 - Successfully connected to database!
2025-05-11 10:30:25 - Successfully connected to database!
2025-05-11 10:30:25 - Successfully connected to database!
2025-05-11 10:30:50 - Successfully connected to database!
2025-05-11 10:30:50 - Successfully connected to database!
2025-05-11 10:30:51 - Etat de l'insertion de user : 1
2025-05-11 10:30:51 - Successfully connected to database!
2025-05-11 10:30:51 - Successfully connected to database!
2025-05-11 10:30:51 - List of teachers : [{"id":2,"prenom":"Sara","nom":"QASSIMI","genre":"female","dateNaissance":"1990-09-01","email":"sara.qassimi@uca.ac.ma","password":"$2y$10$euawtk.BqadFyqrldmYkXef1mkfLljcF5fMeRRPUuY.if2xNKvPhy","CNE":null,"CIN":"X12346","phone":"+212 622 222 222","created_at":"2025-04-29 15:04:10","id_role":2,"id_dep":1,"id_filiere":null,"nom_departement":"Informatique"},{"id":3,"prenom":"Yassine","nom":"SADQI","genre":"male","dateNaissance":"1990-09-01","email":"y.sadqi@uca.ac.ma","password":"$2y$10$euawtk.BqadFyqrldmYkXef1mkfLljcF5fMeRRPUuY.if2xNKvPhy","CNE":null,"CIN":"X12347","phone":"+212 622 222 222","created_at":"2025-04-29 15:04:10","id_role":2,"id_dep":1,"id_filiere":null,"nom_departement":"Informatique"},{"id":4,"prenom":"Aziz","nom":"DAROUICHI","genre":"male","dateNaissance":"1990-09-01","email":"az.darouichi@uca.ma","password":"$2y$10$euawtk.BqadFyqrldmYkXef1mkfLljcF5fMeRRPUuY.if2xNKvPhy","CNE":null,"CIN":"X12348","phone":"+212 622 222 222","created_at":"2025-04-29 15:04:10","id_role":3,"id_dep":1,"id_filiere":null,"nom_departement":"Informatique"},{"id":5,"prenom":"Mohammed","nom":"AIT HEMAD","genre":"male","dateNaissance":"1990-09-01","email":"ait.hemad.m@hotmail.com","password":"$2y$10$euawtk.BqadFyqrldmYkXef1mkfLljcF5fMeRRPUuY.if2xNKvPhy","CNE":null,"CIN":"X12349","phone":"+212 622 222 222","created_at":"2025-04-29 15:04:10","id_role":3,"id_dep":1,"id_filiere":null,"nom_departement":"Informatique"},{"id":17,"prenom":"Mohammed","nom":"belefiqh","genre":"male","dateNaissance":"2025-04-27","email":"simo@gmail.com","password":null,"CNE":null,"CIN":"LB88888","phone":"+212 99999999999","created_at":"2025-05-11 10:30:50","id_role":2,"id_dep":1,"id_filiere":null,"nom_departement":"Informatique"}]
2025-05-11 10:30:51 - Successfully connected to database!
2025-05-11 10:31:01 - Successfully connected to database!
2025-05-11 10:31:01 - Successfully connected to database!
2025-05-11 10:31:02 - Successfully connected to database!
2025-05-11 10:31:02 - Successfully connected to database!
2025-05-11 10:31:02 - List of teachers : [{"id":2,"prenom":"Sara","nom":"QASSIMI","genre":"female","dateNaissance":"1990-09-01","email":"sara.qassimi@uca.ac.ma","password":"$2y$10$euawtk.BqadFyqrldmYkXef1mkfLljcF5fMeRRPUuY.if2xNKvPhy","CNE":null,"CIN":"X12346","phone":"+212 622 222 222","created_at":"2025-04-29 15:04:10","id_role":2,"id_dep":1,"id_filiere":null,"nom_departement":"Informatique"},{"id":3,"prenom":"Yassine","nom":"SADQI","genre":"male","dateNaissance":"1990-09-01","email":"y.sadqi@uca.ac.ma","password":"$2y$10$euawtk.BqadFyqrldmYkXef1mkfLljcF5fMeRRPUuY.if2xNKvPhy","CNE":null,"CIN":"X12347","phone":"+212 622 222 222","created_at":"2025-04-29 15:04:10","id_role":2,"id_dep":1,"id_filiere":null,"nom_departement":"Informatique"},{"id":4,"prenom":"Aziz","nom":"DAROUICHI","genre":"male","dateNaissance":"1990-09-01","email":"az.darouichi@uca.ma","password":"$2y$10$euawtk.BqadFyqrldmYkXef1mkfLljcF5fMeRRPUuY.if2xNKvPhy","CNE":null,"CIN":"X12348","phone":"+212 622 222 222","created_at":"2025-04-29 15:04:10","id_role":3,"id_dep":1,"id_filiere":null,"nom_departement":"Informatique"},{"id":5,"prenom":"Mohammed","nom":"AIT HEMAD","genre":"male","dateNaissance":"1990-09-01","email":"ait.hemad.m@hotmail.com","password":"$2y$10$euawtk.BqadFyqrldmYkXef1mkfLljcF5fMeRRPUuY.if2xNKvPhy","CNE":null,"CIN":"X12349","phone":"+212 622 222 222","created_at":"2025-04-29 15:04:10","id_role":3,"id_dep":1,"id_filiere":null,"nom_departement":"Informatique"}]
2025-05-11 10:31:02 - Successfully connected to database!
2025-05-11 10:31:03 - Successfully connected to database!
2025-05-11 10:31:03 - Successfully connected to database!
2025-05-11 10:31:03 - Successfully connected to database!
2025-05-11 10:31:06 - Successfully connected to database!
2025-05-11 10:31:06 - Successfully connected to database!
2025-05-11 10:31:06 - List of teachers : [{"id":2,"prenom":"Sara","nom":"QASSIMI","genre":"female","dateNaissance":"1990-09-01","email":"sara.qassimi@uca.ac.ma","password":"$2y$10$euawtk.BqadFyqrldmYkXef1mkfLljcF5fMeRRPUuY.if2xNKvPhy","CNE":null,"CIN":"X12346","phone":"+212 622 222 222","created_at":"2025-04-29 15:04:10","id_role":2,"id_dep":1,"id_filiere":null,"nom_departement":"Informatique"},{"id":3,"prenom":"Yassine","nom":"SADQI","genre":"male","dateNaissance":"1990-09-01","email":"y.sadqi@uca.ac.ma","password":"$2y$10$euawtk.BqadFyqrldmYkXef1mkfLljcF5fMeRRPUuY.if2xNKvPhy","CNE":null,"CIN":"X12347","phone":"+212 622 222 222","created_at":"2025-04-29 15:04:10","id_role":2,"id_dep":1,"id_filiere":null,"nom_departement":"Informatique"},{"id":4,"prenom":"Aziz","nom":"DAROUICHI","genre":"male","dateNaissance":"1990-09-01","email":"az.darouichi@uca.ma","password":"$2y$10$euawtk.BqadFyqrldmYkXef1mkfLljcF5fMeRRPUuY.if2xNKvPhy","CNE":null,"CIN":"X12348","phone":"+212 622 222 222","created_at":"2025-04-29 15:04:10","id_role":3,"id_dep":1,"id_filiere":null,"nom_departement":"Informatique"},{"id":5,"prenom":"Mohammed","nom":"AIT HEMAD","genre":"male","dateNaissance":"1990-09-01","email":"ait.hemad.m@hotmail.com","password":"$2y$10$euawtk.BqadFyqrldmYkXef1mkfLljcF5fMeRRPUuY.if2xNKvPhy","CNE":null,"CIN":"X12349","phone":"+212 622 222 222","created_at":"2025-04-29 15:04:10","id_role":3,"id_dep":1,"id_filiere":null,"nom_departement":"Informatique"}]
2025-05-11 10:31:06 - Successfully connected to database!
2025-05-11 10:31:07 - Successfully connected to database!
2025-05-11 10:31:07 - Successfully connected to database!
2025-05-11 10:31:07 - Successfully connected to database!
2025-05-11 10:31:10 - Successfully connected to database!
2025-05-11 10:31:10 - Successfully connected to database!
2025-05-11 10:31:10 - List of teachers : [{"id":2,"prenom":"Sara","nom":"QASSIMI","genre":"female","dateNaissance":"1990-09-01","email":"sara.qassimi@uca.ac.ma","password":"$2y$10$euawtk.BqadFyqrldmYkXef1mkfLljcF5fMeRRPUuY.if2xNKvPhy","CNE":null,"CIN":"X12346","phone":"+212 622 222 222","created_at":"2025-04-29 15:04:10","id_role":2,"id_dep":1,"id_filiere":null,"nom_departement":"Informatique"},{"id":3,"prenom":"Yassine","nom":"SADQI","genre":"male","dateNaissance":"1990-09-01","email":"y.sadqi@uca.ac.ma","password":"$2y$10$euawtk.BqadFyqrldmYkXef1mkfLljcF5fMeRRPUuY.if2xNKvPhy","CNE":null,"CIN":"X12347","phone":"+212 622 222 222","created_at":"2025-04-29 15:04:10","id_role":2,"id_dep":1,"id_filiere":null,"nom_departement":"Informatique"},{"id":4,"prenom":"Aziz","nom":"DAROUICHI","genre":"male","dateNaissance":"1990-09-01","email":"az.darouichi@uca.ma","password":"$2y$10$euawtk.BqadFyqrldmYkXef1mkfLljcF5fMeRRPUuY.if2xNKvPhy","CNE":null,"CIN":"X12348","phone":"+212 622 222 222","created_at":"2025-04-29 15:04:10","id_role":3,"id_dep":1,"id_filiere":null,"nom_departement":"Informatique"},{"id":5,"prenom":"Mohammed","nom":"AIT HEMAD","genre":"male","dateNaissance":"1990-09-01","email":"ait.hemad.m@hotmail.com","password":"$2y$10$euawtk.BqadFyqrldmYkXef1mkfLljcF5fMeRRPUuY.if2xNKvPhy","CNE":null,"CIN":"X12349","phone":"+212 622 222 222","created_at":"2025-04-29 15:04:10","id_role":3,"id_dep":1,"id_filiere":null,"nom_departement":"Informatique"}]
2025-05-11 10:31:10 - Successfully connected to database!
2025-05-11 10:31:11 - Successfully connected to database!
2025-05-11 10:31:11 - Successfully connected to database!
2025-05-11 10:31:11 - List of modules : [{"id":2,"nom_module":"D\u00e9veloppement Web Back End","nom_filiere":"SIT2","niveau_filiere":2,"semestre_module":"2","nom_departement":"Informatique"},{"id":6,"nom_module":"Fondamentaux de la s\u00e9curit\u00e9 informatique et cyberdroit","nom_filiere":"SIT1","niveau_filiere":1,"semestre_module":"2","nom_departement":"Informatique"},{"id":7,"nom_module":"Cryptographie 1","nom_filiere":"IRISI1","niveau_filiere":1,"semestre_module":"1","nom_departement":"Informatique"},{"id":10,"nom_module":"Test 2","nom_filiere":"IRISI3","niveau_filiere":3,"semestre_module":"1","nom_departement":"Informatique"},{"id":11,"nom_module":"fdsf","nom_filiere":"IRISI2","niveau_filiere":2,"semestre_module":"2","nom_departement":"Informatique"}]
2025-05-11 10:31:11 - Successfully connected to database!
2025-05-11 10:31:13 - Successfully connected to database!
2025-05-11 10:31:13 - Successfully connected to database!
2025-05-11 10:31:13 - List of teachers : [{"id":2,"prenom":"Sara","nom":"QASSIMI","genre":"female","dateNaissance":"1990-09-01","email":"sara.qassimi@uca.ac.ma","password":"$2y$10$euawtk.BqadFyqrldmYkXef1mkfLljcF5fMeRRPUuY.if2xNKvPhy","CNE":null,"CIN":"X12346","phone":"+212 622 222 222","created_at":"2025-04-29 15:04:10","id_role":2,"id_dep":1,"id_filiere":null,"nom_departement":"Informatique"},{"id":3,"prenom":"Yassine","nom":"SADQI","genre":"male","dateNaissance":"1990-09-01","email":"y.sadqi@uca.ac.ma","password":"$2y$10$euawtk.BqadFyqrldmYkXef1mkfLljcF5fMeRRPUuY.if2xNKvPhy","CNE":null,"CIN":"X12347","phone":"+212 622 222 222","created_at":"2025-04-29 15:04:10","id_role":2,"id_dep":1,"id_filiere":null,"nom_departement":"Informatique"},{"id":4,"prenom":"Aziz","nom":"DAROUICHI","genre":"male","dateNaissance":"1990-09-01","email":"az.darouichi@uca.ma","password":"$2y$10$euawtk.BqadFyqrldmYkXef1mkfLljcF5fMeRRPUuY.if2xNKvPhy","CNE":null,"CIN":"X12348","phone":"+212 622 222 222","created_at":"2025-04-29 15:04:10","id_role":3,"id_dep":1,"id_filiere":null,"nom_departement":"Informatique"},{"id":5,"prenom":"Mohammed","nom":"AIT HEMAD","genre":"male","dateNaissance":"1990-09-01","email":"ait.hemad.m@hotmail.com","password":"$2y$10$euawtk.BqadFyqrldmYkXef1mkfLljcF5fMeRRPUuY.if2xNKvPhy","CNE":null,"CIN":"X12349","phone":"+212 622 222 222","created_at":"2025-04-29 15:04:10","id_role":3,"id_dep":1,"id_filiere":null,"nom_departement":"Informatique"}]
2025-05-11 10:31:13 - Successfully connected to database!
2025-05-11 10:31:18 - Successfully connected to database!
2025-05-11 10:31:18 - Successfully connected to database!
2025-05-11 10:31:18 - List of modules : [{"id":2,"nom_module":"D\u00e9veloppement Web Back End","nom_filiere":"SIT2","niveau_filiere":2,"semestre_module":"2","nom_departement":"Informatique"},{"id":6,"nom_module":"Fondamentaux de la s\u00e9curit\u00e9 informatique et cyberdroit","nom_filiere":"SIT1","niveau_filiere":1,"semestre_module":"2","nom_departement":"Informatique"},{"id":7,"nom_module":"Cryptographie 1","nom_filiere":"IRISI1","niveau_filiere":1,"semestre_module":"1","nom_departement":"Informatique"},{"id":10,"nom_module":"Test 2","nom_filiere":"IRISI3","niveau_filiere":3,"semestre_module":"1","nom_departement":"Informatique"},{"id":11,"nom_module":"fdsf","nom_filiere":"IRISI2","niveau_filiere":2,"semestre_module":"2","nom_departement":"Informatique"}]
2025-05-11 10:31:18 - Successfully connected to database!
2025-05-11 10:31:19 - Successfully connected to database!
2025-05-11 10:31:19 - Successfully connected to database!
2025-05-11 10:31:19 - Successfully connected to database!
2025-05-11 10:31:22 - Successfully connected to database!
2025-05-11 10:31:22 - Successfully connected to database!
2025-05-11 10:31:22 - List of modules : [{"id":2,"nom_module":"D\u00e9veloppement Web Back End","nom_filiere":"SIT2","niveau_filiere":2,"semestre_module":"2","nom_departement":"Informatique"},{"id":6,"nom_module":"Fondamentaux de la s\u00e9curit\u00e9 informatique et cyberdroit","nom_filiere":"SIT1","niveau_filiere":1,"semestre_module":"2","nom_departement":"Informatique"},{"id":7,"nom_module":"Cryptographie 1","nom_filiere":"IRISI1","niveau_filiere":1,"semestre_module":"1","nom_departement":"Informatique"},{"id":10,"nom_module":"Test 2","nom_filiere":"IRISI3","niveau_filiere":3,"semestre_module":"1","nom_departement":"Informatique"},{"id":11,"nom_module":"fdsf","nom_filiere":"IRISI2","niveau_filiere":2,"semestre_module":"2","nom_departement":"Informatique"}]
2025-05-11 10:31:22 - Successfully connected to database!
2025-05-11 10:31:25 - Successfully connected to database!
2025-05-11 10:31:25 - Successfully connected to database!
2025-05-11 10:31:25 - List of teachers : [{"id":2,"prenom":"Sara","nom":"QASSIMI","genre":"female","dateNaissance":"1990-09-01","email":"sara.qassimi@uca.ac.ma","password":"$2y$10$euawtk.BqadFyqrldmYkXef1mkfLljcF5fMeRRPUuY.if2xNKvPhy","CNE":null,"CIN":"X12346","phone":"+212 622 222 222","created_at":"2025-04-29 15:04:10","id_role":2,"id_dep":1,"id_filiere":null,"nom_departement":"Informatique"},{"id":3,"prenom":"Yassine","nom":"SADQI","genre":"male","dateNaissance":"1990-09-01","email":"y.sadqi@uca.ac.ma","password":"$2y$10$euawtk.BqadFyqrldmYkXef1mkfLljcF5fMeRRPUuY.if2xNKvPhy","CNE":null,"CIN":"X12347","phone":"+212 622 222 222","created_at":"2025-04-29 15:04:10","id_role":2,"id_dep":1,"id_filiere":null,"nom_departement":"Informatique"},{"id":4,"prenom":"Aziz","nom":"DAROUICHI","genre":"male","dateNaissance":"1990-09-01","email":"az.darouichi@uca.ma","password":"$2y$10$euawtk.BqadFyqrldmYkXef1mkfLljcF5fMeRRPUuY.if2xNKvPhy","CNE":null,"CIN":"X12348","phone":"+212 622 222 222","created_at":"2025-04-29 15:04:10","id_role":3,"id_dep":1,"id_filiere":null,"nom_departement":"Informatique"},{"id":5,"prenom":"Mohammed","nom":"AIT HEMAD","genre":"male","dateNaissance":"1990-09-01","email":"ait.hemad.m@hotmail.com","password":"$2y$10$euawtk.BqadFyqrldmYkXef1mkfLljcF5fMeRRPUuY.if2xNKvPhy","CNE":null,"CIN":"X12349","phone":"+212 622 222 222","created_at":"2025-04-29 15:04:10","id_role":3,"id_dep":1,"id_filiere":null,"nom_departement":"Informatique"}]
2025-05-11 10:31:26 - Successfully connected to database!
2025-05-11 10:31:36 - Successfully connected to database!
2025-05-11 10:31:36 - Successfully connected to database!
2025-05-11 10:31:36 - List of modules : [{"id":2,"nom_module":"D\u00e9veloppement Web Back End","nom_filiere":"SIT2","niveau_filiere":2,"semestre_module":"2","nom_departement":"Informatique"},{"id":6,"nom_module":"Fondamentaux de la s\u00e9curit\u00e9 informatique et cyberdroit","nom_filiere":"SIT1","niveau_filiere":1,"semestre_module":"2","nom_departement":"Informatique"},{"id":7,"nom_module":"Cryptographie 1","nom_filiere":"IRISI1","niveau_filiere":1,"semestre_module":"1","nom_departement":"Informatique"},{"id":10,"nom_module":"Test 2","nom_filiere":"IRISI3","niveau_filiere":3,"semestre_module":"1","nom_departement":"Informatique"},{"id":11,"nom_module":"fdsf","nom_filiere":"IRISI2","niveau_filiere":2,"semestre_module":"2","nom_departement":"Informatique"}]
2025-05-11 10:31:36 - Successfully connected to database!
2025-05-11 10:31:41 - Successfully connected to database!
2025-05-11 10:31:41 - Successfully connected to database!
2025-05-11 10:31:41 - List of teachers : [{"id":2,"prenom":"Sara","nom":"QASSIMI","genre":"female","dateNaissance":"1990-09-01","email":"sara.qassimi@uca.ac.ma","password":"$2y$10$euawtk.BqadFyqrldmYkXef1mkfLljcF5fMeRRPUuY.if2xNKvPhy","CNE":null,"CIN":"X12346","phone":"+212 622 222 222","created_at":"2025-04-29 15:04:10","id_role":2,"id_dep":1,"id_filiere":null,"nom_departement":"Informatique"},{"id":3,"prenom":"Yassine","nom":"SADQI","genre":"male","dateNaissance":"1990-09-01","email":"y.sadqi@uca.ac.ma","password":"$2y$10$euawtk.BqadFyqrldmYkXef1mkfLljcF5fMeRRPUuY.if2xNKvPhy","CNE":null,"CIN":"X12347","phone":"+212 622 222 222","created_at":"2025-04-29 15:04:10","id_role":2,"id_dep":1,"id_filiere":null,"nom_departement":"Informatique"},{"id":4,"prenom":"Aziz","nom":"DAROUICHI","genre":"male","dateNaissance":"1990-09-01","email":"az.darouichi@uca.ma","password":"$2y$10$euawtk.BqadFyqrldmYkXef1mkfLljcF5fMeRRPUuY.if2xNKvPhy","CNE":null,"CIN":"X12348","phone":"+212 622 222 222","created_at":"2025-04-29 15:04:10","id_role":3,"id_dep":1,"id_filiere":null,"nom_departement":"Informatique"},{"id":5,"prenom":"Mohammed","nom":"AIT HEMAD","genre":"male","dateNaissance":"1990-09-01","email":"ait.hemad.m@hotmail.com","password":"$2y$10$euawtk.BqadFyqrldmYkXef1mkfLljcF5fMeRRPUuY.if2xNKvPhy","CNE":null,"CIN":"X12349","phone":"+212 622 222 222","created_at":"2025-04-29 15:04:10","id_role":3,"id_dep":1,"id_filiere":null,"nom_departement":"Informatique"}]
2025-05-11 10:31:41 - Successfully connected to database!
2025-05-11 10:32:22 - Successfully connected to database!
2025-05-11 10:32:22 - Successfully connected to database!
2025-05-11 10:32:22 - List of modules : [{"id":2,"nom_module":"D\u00e9veloppement Web Back End","nom_filiere":"SIT2","niveau_filiere":2,"semestre_module":"2","nom_departement":"Informatique"},{"id":6,"nom_module":"Fondamentaux de la s\u00e9curit\u00e9 informatique et cyberdroit","nom_filiere":"SIT1","niveau_filiere":1,"semestre_module":"2","nom_departement":"Informatique"},{"id":7,"nom_module":"Cryptographie 1","nom_filiere":"IRISI1","niveau_filiere":1,"semestre_module":"1","nom_departement":"Informatique"},{"id":10,"nom_module":"Test 2","nom_filiere":"IRISI3","niveau_filiere":3,"semestre_module":"1","nom_departement":"Informatique"},{"id":11,"nom_module":"fdsf","nom_filiere":"IRISI2","niveau_filiere":2,"semestre_module":"2","nom_departement":"Informatique"}]
2025-05-11 10:32:22 - Successfully connected to database!
2025-05-11 10:32:23 - Successfully connected to database!
2025-05-11 10:32:23 - Successfully connected to database!
2025-05-11 10:32:23 - List of teachers : [{"id":2,"prenom":"Sara","nom":"QASSIMI","genre":"female","dateNaissance":"1990-09-01","email":"sara.qassimi@uca.ac.ma","password":"$2y$10$euawtk.BqadFyqrldmYkXef1mkfLljcF5fMeRRPUuY.if2xNKvPhy","CNE":null,"CIN":"X12346","phone":"+212 622 222 222","created_at":"2025-04-29 15:04:10","id_role":2,"id_dep":1,"id_filiere":null,"nom_departement":"Informatique"},{"id":3,"prenom":"Yassine","nom":"SADQI","genre":"male","dateNaissance":"1990-09-01","email":"y.sadqi@uca.ac.ma","password":"$2y$10$euawtk.BqadFyqrldmYkXef1mkfLljcF5fMeRRPUuY.if2xNKvPhy","CNE":null,"CIN":"X12347","phone":"+212 622 222 222","created_at":"2025-04-29 15:04:10","id_role":2,"id_dep":1,"id_filiere":null,"nom_departement":"Informatique"},{"id":4,"prenom":"Aziz","nom":"DAROUICHI","genre":"male","dateNaissance":"1990-09-01","email":"az.darouichi@uca.ma","password":"$2y$10$euawtk.BqadFyqrldmYkXef1mkfLljcF5fMeRRPUuY.if2xNKvPhy","CNE":null,"CIN":"X12348","phone":"+212 622 222 222","created_at":"2025-04-29 15:04:10","id_role":3,"id_dep":1,"id_filiere":null,"nom_departement":"Informatique"},{"id":5,"prenom":"Mohammed","nom":"AIT HEMAD","genre":"male","dateNaissance":"1990-09-01","email":"ait.hemad.m@hotmail.com","password":"$2y$10$euawtk.BqadFyqrldmYkXef1mkfLljcF5fMeRRPUuY.if2xNKvPhy","CNE":null,"CIN":"X12349","phone":"+212 622 222 222","created_at":"2025-04-29 15:04:10","id_role":3,"id_dep":1,"id_filiere":null,"nom_departement":"Informatique"}]
2025-05-11 10:32:23 - Successfully connected to database!
2025-05-11 10:32:25 - Successfully connected to database!
2025-05-11 10:32:25 - Successfully connected to database!
2025-05-11 10:32:25 - List of modules : [{"id":2,"nom_module":"D\u00e9veloppement Web Back End","nom_filiere":"SIT2","niveau_filiere":2,"semestre_module":"2","nom_departement":"Informatique"},{"id":6,"nom_module":"Fondamentaux de la s\u00e9curit\u00e9 informatique et cyberdroit","nom_filiere":"SIT1","niveau_filiere":1,"semestre_module":"2","nom_departement":"Informatique"},{"id":7,"nom_module":"Cryptographie 1","nom_filiere":"IRISI1","niveau_filiere":1,"semestre_module":"1","nom_departement":"Informatique"},{"id":10,"nom_module":"Test 2","nom_filiere":"IRISI3","niveau_filiere":3,"semestre_module":"1","nom_departement":"Informatique"},{"id":11,"nom_module":"fdsf","nom_filiere":"IRISI2","niveau_filiere":2,"semestre_module":"2","nom_departement":"Informatique"}]
2025-05-11 10:32:25 - Successfully connected to database!
2025-05-11 10:32:26 - Successfully connected to database!
2025-05-11 10:32:26 - Successfully connected to database!
2025-05-11 10:32:26 - List of teachers : [{"id":2,"prenom":"Sara","nom":"QASSIMI","genre":"female","dateNaissance":"1990-09-01","email":"sara.qassimi@uca.ac.ma","password":"$2y$10$euawtk.BqadFyqrldmYkXef1mkfLljcF5fMeRRPUuY.if2xNKvPhy","CNE":null,"CIN":"X12346","phone":"+212 622 222 222","created_at":"2025-04-29 15:04:10","id_role":2,"id_dep":1,"id_filiere":null,"nom_departement":"Informatique"},{"id":3,"prenom":"Yassine","nom":"SADQI","genre":"male","dateNaissance":"1990-09-01","email":"y.sadqi@uca.ac.ma","password":"$2y$10$euawtk.BqadFyqrldmYkXef1mkfLljcF5fMeRRPUuY.if2xNKvPhy","CNE":null,"CIN":"X12347","phone":"+212 622 222 222","created_at":"2025-04-29 15:04:10","id_role":2,"id_dep":1,"id_filiere":null,"nom_departement":"Informatique"},{"id":4,"prenom":"Aziz","nom":"DAROUICHI","genre":"male","dateNaissance":"1990-09-01","email":"az.darouichi@uca.ma","password":"$2y$10$euawtk.BqadFyqrldmYkXef1mkfLljcF5fMeRRPUuY.if2xNKvPhy","CNE":null,"CIN":"X12348","phone":"+212 622 222 222","created_at":"2025-04-29 15:04:10","id_role":3,"id_dep":1,"id_filiere":null,"nom_departement":"Informatique"},{"id":5,"prenom":"Mohammed","nom":"AIT HEMAD","genre":"male","dateNaissance":"1990-09-01","email":"ait.hemad.m@hotmail.com","password":"$2y$10$euawtk.BqadFyqrldmYkXef1mkfLljcF5fMeRRPUuY.if2xNKvPhy","CNE":null,"CIN":"X12349","phone":"+212 622 222 222","created_at":"2025-04-29 15:04:10","id_role":3,"id_dep":1,"id_filiere":null,"nom_departement":"Informatique"}]
2025-05-11 10:32:26 - Successfully connected to database!
2025-05-11 10:32:27 - Successfully connected to database!
2025-05-11 10:32:27 - Successfully connected to database!
2025-05-11 10:32:27 - List of modules : [{"id":2,"nom_module":"D\u00e9veloppement Web Back End","nom_filiere":"SIT2","niveau_filiere":2,"semestre_module":"2","nom_departement":"Informatique"},{"id":6,"nom_module":"Fondamentaux de la s\u00e9curit\u00e9 informatique et cyberdroit","nom_filiere":"SIT1","niveau_filiere":1,"semestre_module":"2","nom_departement":"Informatique"},{"id":7,"nom_module":"Cryptographie 1","nom_filiere":"IRISI1","niveau_filiere":1,"semestre_module":"1","nom_departement":"Informatique"},{"id":10,"nom_module":"Test 2","nom_filiere":"IRISI3","niveau_filiere":3,"semestre_module":"1","nom_departement":"Informatique"},{"id":11,"nom_module":"fdsf","nom_filiere":"IRISI2","niveau_filiere":2,"semestre_module":"2","nom_departement":"Informatique"}]
2025-05-11 10:32:27 - Successfully connected to database!
2025-05-11 10:32:34 - Successfully connected to database!
2025-05-11 10:32:34 - Successfully connected to database!
2025-05-11 10:32:34 - List of modules : [{"id":2,"nom_module":"D\u00e9veloppement Web Back End","nom_filiere":"SIT2","niveau_filiere":2,"semestre_module":"2","nom_departement":"Informatique"},{"id":6,"nom_module":"Fondamentaux de la s\u00e9curit\u00e9 informatique et cyberdroit","nom_filiere":"SIT1","niveau_filiere":1,"semestre_module":"2","nom_departement":"Informatique"},{"id":7,"nom_module":"Cryptographie 1","nom_filiere":"IRISI1","niveau_filiere":1,"semestre_module":"1","nom_departement":"Informatique"},{"id":10,"nom_module":"Test 2","nom_filiere":"IRISI3","niveau_filiere":3,"semestre_module":"1","nom_departement":"Informatique"},{"id":11,"nom_module":"fdsf","nom_filiere":"IRISI2","niveau_filiere":2,"semestre_module":"2","nom_departement":"Informatique"}]
2025-05-11 10:32:34 - Successfully connected to database!
2025-05-11 10:32:35 - Successfully connected to database!
2025-05-11 10:32:35 - Successfully connected to database!
2025-05-11 10:32:35 - List of teachers : [{"id":2,"prenom":"Sara","nom":"QASSIMI","genre":"female","dateNaissance":"1990-09-01","email":"sara.qassimi@uca.ac.ma","password":"$2y$10$euawtk.BqadFyqrldmYkXef1mkfLljcF5fMeRRPUuY.if2xNKvPhy","CNE":null,"CIN":"X12346","phone":"+212 622 222 222","created_at":"2025-04-29 15:04:10","id_role":2,"id_dep":1,"id_filiere":null,"nom_departement":"Informatique"},{"id":3,"prenom":"Yassine","nom":"SADQI","genre":"male","dateNaissance":"1990-09-01","email":"y.sadqi@uca.ac.ma","password":"$2y$10$euawtk.BqadFyqrldmYkXef1mkfLljcF5fMeRRPUuY.if2xNKvPhy","CNE":null,"CIN":"X12347","phone":"+212 622 222 222","created_at":"2025-04-29 15:04:10","id_role":2,"id_dep":1,"id_filiere":null,"nom_departement":"Informatique"},{"id":4,"prenom":"Aziz","nom":"DAROUICHI","genre":"male","dateNaissance":"1990-09-01","email":"az.darouichi@uca.ma","password":"$2y$10$euawtk.BqadFyqrldmYkXef1mkfLljcF5fMeRRPUuY.if2xNKvPhy","CNE":null,"CIN":"X12348","phone":"+212 622 222 222","created_at":"2025-04-29 15:04:10","id_role":3,"id_dep":1,"id_filiere":null,"nom_departement":"Informatique"},{"id":5,"prenom":"Mohammed","nom":"AIT HEMAD","genre":"male","dateNaissance":"1990-09-01","email":"ait.hemad.m@hotmail.com","password":"$2y$10$euawtk.BqadFyqrldmYkXef1mkfLljcF5fMeRRPUuY.if2xNKvPhy","CNE":null,"CIN":"X12349","phone":"+212 622 222 222","created_at":"2025-04-29 15:04:10","id_role":3,"id_dep":1,"id_filiere":null,"nom_departement":"Informatique"}]
2025-05-11 10:32:35 - Successfully connected to database!
